2025-10-02 10:52:29,018 - root - INFO - Starting data split process...
2025-10-02 10:52:29,019 - root - INFO - Data split completed: Train shape (540, 87), Test shape (136, 87)
2025-10-02 10:52:29,019 - root - INFO - Training Linear Regression model...
2025-10-02 10:52:29,035 - root - INFO - Linear Regression model training completed successfully.
2025-10-02 10:52:29,059 - root - INFO - Removing insignificant variables...
2025-10-02 10:52:29,065 - root - INFO - Significant variables retained: ['total_price', 'unit_price', 'product_name_lenght', 'product_photos_qty', 'product_weight_g', 'product_score', 'customers', 'month', 'year', 's', 'volume', 'product_id_bed1', 'product_id_bed2', 'product_id_bed3', 'product_id_bed4', 'product_id_bed5', 'product_id_computers1', 'product_id_computers2', 'product_id_computers3', 'product_id_computers4', 'product_id_computers5', 'product_id_computers6', 'product_id_consoles1', 'product_id_consoles2', 'product_id_cool1', 'product_id_cool2', 'product_id_cool3', 'product_id_cool4', 'product_id_cool5', 'product_id_furniture1', 'product_id_furniture2', 'product_id_furniture3', 'product_id_furniture4', 'product_id_garden10', 'product_id_garden2', 'product_id_garden3', 'product_id_garden4', 'product_id_garden5', 'product_id_garden6', 'product_id_garden7', 'product_id_garden8', 'product_id_garden9', 'product_id_health1', 'product_id_health2', 'product_id_health5', 'product_id_health6', 'product_id_health7', 'product_id_health8', 'product_id_health9', 'product_id_perfumery1', 'product_id_perfumery2', 'product_id_watches2', 'product_id_watches3', 'product_id_watches4', 'product_id_watches6', 'product_id_watches8', 'product_category_name_bed_bath_table', 'product_category_name_computers_accessories', 'product_category_name_consoles_games', 'product_category_name_furniture_decor', 'product_category_name_garden_tools', 'product_category_name_perfumery', 'product_category_name_watches_gifts']
2025-10-02 10:52:29,088 - root - INFO - Training Linear Regression model...
2025-10-02 10:52:29,101 - root - INFO - Linear Regression model training completed successfully.
2025-10-02 10:52:29,121 - root - INFO - Checking multicollinearity (VIF)...
2025-10-02 10:52:29,473 - root - INFO - VIF calculation completed.
2025-10-02 10:52:29,477 - root - INFO - Checking normality of residuals...
2025-10-02 10:54:35,488 - root - INFO - Shapiro test: Statistics=0.8667465926285516, p=4.8063842977632966e-21
2025-10-02 10:54:35,489 - root - INFO - Checking homoscedasticity...
2025-10-02 10:54:54,408 - root - INFO - Performing 10-Fold Cross Validation...
2025-10-02 10:54:54,464 - root - INFO - MSE for fold: 455062.2624507819
2025-10-02 10:54:54,795 - root - INFO - MSE for fold: 39195.88441500421
2025-10-02 10:54:55,074 - root - INFO - MSE for fold: 276408.3922404545
2025-10-02 10:54:55,271 - root - INFO - MSE for fold: 32811.804684670045
2025-10-02 10:54:55,478 - root - INFO - MSE for fold: 183354.87707130602
2025-10-02 10:54:55,690 - root - INFO - MSE for fold: 6045.352190137659
2025-10-02 10:54:55,896 - root - INFO - MSE for fold: 12268.407951597226
2025-10-02 10:54:56,096 - root - INFO - MSE for fold: 878573.391993237
2025-10-02 10:54:56,286 - root - INFO - MSE for fold: 396003.6836110795
2025-10-02 10:54:56,446 - root - INFO - MSE for fold: 525773.4455607093
2025-10-02 10:54:56,447 - root - INFO - Cross-validation completed. RMSE: 529.6694726118334
2025-10-02 10:54:56,456 - root - INFO - Training Baseline (DummyRegressor) model...
2025-10-02 10:54:56,457 - root - INFO - Baseline model training completed successfully.
2025-10-02 10:54:56,457 - root - INFO - Validating Baseline model...
2025-10-02 10:54:56,484 - root - INFO - Baseline validation completed. MSE: 242.81650486600182, RMSE: 14.594266490333158
